// Jest Snapshot v1, https://goo.gl/fbAQLP

exports[`should render App component without crashing 1`] = `
<App>
  <div
    className="app"
  >
    <main>
      <Search
        onChange={[Function]}
        onKeyUp={[Function]}
      >
        <div
          className="search"
        >
          <input
            className="search-bar"
            onChange={[Function]}
            onKeyUp={[Function]}
            placeholder="Search a city..."
            type="text"
          />
        </div>
      </Search>
      <div>
        Loading...
      </div>
    </main>
  </div>
</App>
`;
